// Jest Snapshot v1, https://goo.gl/fbAQLP

exports[`Snapshot test 1`] = `
Object {
  "Resources": Object {
    "TestMonitor": Object {
      "Properties": Object {
        "DatadogCredentials": Object {
          "ApiKey": "DATADOG_API_KEY",
          "ApplicationKey": "DATADOG_APP_KEY",
        },
        "End": 1624546321,
        "Scope": Array [
          "host:myserver",
          "service:myservice",
        ],
        "Start": 1624542715,
      },
      "Type": "Datadog::Monitors::Downtime",
    },
  },
}
`;
